// Jest Snapshot v1, https://goo.gl/fbAQLP

exports[`routes config should get router configuration 1`] = `
<span
  handler={[Function]}
  name="app"
  path="/"
>
  <DefaultRoute
    handler={[Function]}
    key="0"
    name="home"
  />
  <NotFoundRoute
    handler={[Function]}
    key="1"
    name="notFound"
  />
  <Route
    handler={[Function]}
    key="10"
    name="orchestrations"
  >
    <DefaultRoute
      handler={[Function]}
      key="2"
    />
    <Route
      handler={[Function]}
      key="9"
      name="orchestration"
      path=":orchestrationId"
    >
      <DefaultRoute
        handler={[Function]}
        key="3"
      />
      <Route
        handler={[Function]}
        key="4"
        name="orchestrationJob"
        path="jobs/:jobId"
      />
      <Route
        handler={[Function]}
        key="5"
        name="orchestrationTasks"
        path="tasks"
      />
      <Route
        handler={[Function]}
        key="6"
        name="orchestrationNotifications"
        path="notifications"
      />
      <Route
        handler={[Function]}
        key="8"
        name="orchestrator-versions"
        path="versions"
      >
        <DefaultRoute
          handler={[Function]}
          key="7"
        />
      </Route>
    </Route>
  </Route>
  <Route
    handler={[Function]}
    key="322"
    name="extractors"
  >
    <DefaultRoute
      handler={[Function]}
      key="11"
    />
    <Route
      handler={[Function]}
      key="13"
      name="new-extractor"
    >
      <DefaultRoute
        handler={[Function]}
        key="12"
      />
    </Route>
    <Route
      handler={[Function]}
      key="23"
      name="keboola.ex-google-analytics-v5-index"
      path="keboola.ex-google-analytics-v5"
    >
      <DefaultRoute
        handler={[Function]}
        key="14"
      />
      <Route
        handler={[Function]}
        key="22"
        name="keboola.ex-google-analytics-v5"
        path=":config"
      >
        <DefaultRoute
          handler={[Function]}
          key="15"
        />
        <Route
          handler={[Function]}
          key="16"
          name="keboola.ex-google-analytics-v5-tables"
          path="tables/:tableId"
        />
        <Route
          handler={[Function]}
          key="17"
          name="keboola.ex-google-analytics-v5-oauth-redirect"
          path="oauth-redirect"
        />
        <Route
          handler={[Function]}
          key="20"
          name="keboola.ex-google-analytics-v5-query-detail"
          path="query/:queryId"
        >
          <DefaultRoute
            handler={[Function]}
            key="18"
          />
          <Route
            handler={[Function]}
            key="19"
            name="keboola.ex-google-analytics-v5-query-detail-tables"
            path="tables/:tableId"
          />
        </Route>
        <Route
          handler={[Function]}
          key="21"
          name="keboola.ex-google-analytics-v5-new-query"
          path="new-query"
        />
      </Route>
    </Route>
    <Route
      handler={[Function]}
      key="33"
      name="keboola.ex-google-analytics-v4-index"
      path="keboola.ex-google-analytics-v4"
    >
      <DefaultRoute
        handler={[Function]}
        key="24"
      />
      <Route
        handler={[Function]}
        key="32"
        name="keboola.ex-google-analytics-v4"
        path=":config"
      >
        <DefaultRoute
          handler={[Function]}
          key="25"
        />
        <Route
          handler={[Function]}
          key="26"
          name="keboola.ex-google-analytics-v4-tables"
          path="tables/:tableId"
        />
        <Route
          handler={[Function]}
          key="27"
          name="keboola.ex-google-analytics-v4-oauth-redirect"
          path="oauth-redirect"
        />
        <Route
          handler={[Function]}
          key="30"
          name="keboola.ex-google-analytics-v4-query-detail"
          path="query/:queryId"
        >
          <DefaultRoute
            handler={[Function]}
            key="28"
          />
          <Route
            handler={[Function]}
            key="29"
            name="keboola.ex-google-analytics-v4-query-detail-tables"
            path="tables/:tableId"
          />
        </Route>
        <Route
          handler={[Function]}
          key="31"
          name="keboola.ex-google-analytics-v4-new-query"
          path="new-query"
        />
      </Route>
    </Route>
    <Route
      handler={[Function]}
      key="43"
      name="keboola.ex-google-analytics-index"
      path="keboola.ex-google-analytics"
    >
      <DefaultRoute
        handler={[Function]}
        key="34"
      />
      <Route
        handler={[Function]}
        key="42"
        name="keboola.ex-google-analytics"
        path=":config"
      >
        <DefaultRoute
          handler={[Function]}
          key="35"
        />
        <Route
          handler={[Function]}
          key="36"
          name="keboola.ex-google-analytics-tables"
          path="tables/:tableId"
        />
        <Route
          handler={[Function]}
          key="37"
          name="keboola.ex-google-analytics-oauth-redirect"
          path="oauth-redirect"
        />
        <Route
          handler={[Function]}
          key="40"
          name="keboola.ex-google-analytics-query-detail"
          path="query/:queryId"
        >
          <DefaultRoute
            handler={[Function]}
            key="38"
          />
          <Route
            handler={[Function]}
            key="39"
            name="keboola.ex-google-analytics-query-detail-tables"
            path="tables/:tableId"
          />
        </Route>
        <Route
          handler={[Function]}
          key="41"
          name="keboola.ex-google-analytics-new-query"
          path="new-query"
        />
      </Route>
    </Route>
    <Route
      handler={[Function]}
      key="48"
      name="keboola.ex-facebook-index"
      path="keboola.ex-facebook"
    >
      <DefaultRoute
        handler={[Function]}
        key="44"
      />
      <Route
        handler={[Function]}
        key="47"
        name="keboola.ex-facebook"
        path=":config"
      >
        <DefaultRoute
          handler={[Function]}
          key="45"
        />
        <Route
          handler={[Function]}
          key="46"
          name="keboola.ex-facebook-tables"
          path="tables/:tableId"
        />
      </Route>
    </Route>
    <Route
      handler={[Function]}
      key="53"
      name="keboola.ex-facebook-ads-index"
      path="keboola.ex-facebook-ads"
    >
      <DefaultRoute
        handler={[Function]}
        key="49"
      />
      <Route
        handler={[Function]}
        key="52"
        name="keboola.ex-facebook-ads"
        path=":config"
      >
        <DefaultRoute
          handler={[Function]}
          key="50"
        />
        <Route
          handler={[Function]}
          key="51"
          name="keboola.ex-facebook-ads-tables"
          path="tables/:tableId"
        />
      </Route>
    </Route>
    <Route
      handler={[Function]}
      key="58"
      name="keboola.ex-instagram-index"
      path="keboola.ex-instagram"
    >
      <DefaultRoute
        handler={[Function]}
        key="54"
      />
      <Route
        handler={[Function]}
        key="57"
        name="keboola.ex-instagram"
        path=":config"
      >
        <DefaultRoute
          handler={[Function]}
          key="55"
        />
        <Route
          handler={[Function]}
          key="56"
          name="keboola.ex-instagram-tables"
          path="tables/:tableId"
        />
      </Route>
    </Route>
    <Route
      handler={[Function]}
      key="64"
      name="keboola.ex-google-drive-index"
      path="keboola.ex-google-drive"
    >
      <DefaultRoute
        handler={[Function]}
        key="59"
      />
      <Route
        handler={[Function]}
        key="63"
        name="keboola.ex-google-drive"
        path=":config"
      >
        <DefaultRoute
          handler={[Function]}
          key="60"
        />
        <Route
          handler={[Function]}
          key="61"
          name="keboola.ex-google-drive-tables"
          path="tables/:tableId"
        />
        <Route
          handler={[Function]}
          key="62"
          name="keboola.ex-google-drive-oauth-redirect"
          path="oauth-redirect"
        />
      </Route>
    </Route>
    <Route
      handler={[Function]}
      key="68"
      name="ex-adform-index"
      path="ex-adform"
    >
      <DefaultRoute
        handler={[Function]}
        key="65"
      />
      <Route
        handler={[Function]}
        key="67"
        name="ex-adform"
        path=":config"
      >
        <DefaultRoute
          handler={[Function]}
          key="66"
        />
      </Route>
    </Route>
    <Route
      handler={[Function]}
      key="73"
      name="keboola.ex-twitter-index"
      path="keboola.ex-twitter"
    >
      <DefaultRoute
        handler={[Function]}
        key="69"
      />
      <Route
        handler={[Function]}
        key="72"
        name="keboola.ex-twitter"
        path=":config"
      >
        <DefaultRoute
          handler={[Function]}
          key="70"
        />
        <Route
          handler={[Function]}
          key="71"
          name="keboola.ex-twitter-oauth-redirect"
          path="oauth-redirect"
        />
      </Route>
    </Route>
    <Route
      handler={[Function]}
      key="78"
      name="radektomasek.ex-dropbox-v2-index"
      path="radektomasek.ex-dropbox-v2"
    >
      <DefaultRoute
        handler={[Function]}
        key="74"
      />
      <Route
        handler={[Function]}
        key="77"
        name="radektomasek.ex-dropbox-v2"
        path=":config"
      >
        <DefaultRoute
          handler={[Function]}
          key="75"
        />
        <Route
          handler={[Function]}
          key="76"
          name="radektomasek.ex-dropbox-v2-tables"
          path="tables/:tableId"
        />
      </Route>
    </Route>
    <Route
      handler={[Function]}
      key="89"
      name="keboola.ex-db-pgsql-index"
      path="keboola.ex-db-pgsql"
    >
      <DefaultRoute
        handler={[Function]}
        key="79"
      />
      <Route
        handler={[Function]}
        key="88"
        name="keboola.ex-db-pgsql"
        path=":config"
      >
        <DefaultRoute
          handler={[Function]}
          key="80"
        />
        <Route
          handler={[Function]}
          key="81"
          name="keboola.ex-db-pgsql-tables"
          path="tables/:tableId"
        />
        <Route
          handler={[Function]}
          key="83"
          name="keboola.ex-db-pgsql-versions"
          path="versions"
        >
          <DefaultRoute
            handler={[Function]}
            key="82"
          />
        </Route>
        <Route
          handler={[Function]}
          key="86"
          name="ex-db-generic-keboola.ex-db-pgsql-query"
          path="query/:query"
        >
          <DefaultRoute
            handler={[Function]}
            key="84"
          />
          <Route
            handler={[Function]}
            key="85"
            name="ex-db-generic-keboola.ex-db-pgsql-query-tables"
            path="tables/:tableId"
          />
        </Route>
        <Route
          handler={[Function]}
          key="87"
          name="ex-db-generic-keboola.ex-db-pgsql-credentials"
          path="credentials"
        />
      </Route>
    </Route>
    <Route
      handler={[Function]}
      key="100"
      name="keboola.ex-db-redshift-index"
      path="keboola.ex-db-redshift"
    >
      <DefaultRoute
        handler={[Function]}
        key="90"
      />
      <Route
        handler={[Function]}
        key="99"
        name="keboola.ex-db-redshift"
        path=":config"
      >
        <DefaultRoute
          handler={[Function]}
          key="91"
        />
        <Route
          handler={[Function]}
          key="92"
          name="keboola.ex-db-redshift-tables"
          path="tables/:tableId"
        />
        <Route
          handler={[Function]}
          key="94"
          name="keboola.ex-db-redshift-versions"
          path="versions"
        >
          <DefaultRoute
            handler={[Function]}
            key="93"
          />
        </Route>
        <Route
          handler={[Function]}
          key="97"
          name="ex-db-generic-keboola.ex-db-redshift-query"
          path="query/:query"
        >
          <DefaultRoute
            handler={[Function]}
            key="95"
          />
          <Route
            handler={[Function]}
            key="96"
            name="ex-db-generic-keboola.ex-db-redshift-query-tables"
            path="tables/:tableId"
          />
        </Route>
        <Route
          handler={[Function]}
          key="98"
          name="ex-db-generic-keboola.ex-db-redshift-credentials"
          path="credentials"
        />
      </Route>
    </Route>
    <Route
      handler={[Function]}
      key="111"
      name="keboola.ex-db-redshift-cursors-index"
      path="keboola.ex-db-redshift-cursors"
    >
      <DefaultRoute
        handler={[Function]}
        key="101"
      />
      <Route
        handler={[Function]}
        key="110"
        name="keboola.ex-db-redshift-cursors"
        path=":config"
      >
        <DefaultRoute
          handler={[Function]}
          key="102"
        />
        <Route
          handler={[Function]}
          key="103"
          name="keboola.ex-db-redshift-cursors-tables"
          path="tables/:tableId"
        />
        <Route
          handler={[Function]}
          key="105"
          name="keboola.ex-db-redshift-cursors-versions"
          path="versions"
        >
          <DefaultRoute
            handler={[Function]}
            key="104"
          />
        </Route>
        <Route
          handler={[Function]}
          key="108"
          name="ex-db-generic-keboola.ex-db-redshift-cursors-query"
          path="query/:query"
        >
          <DefaultRoute
            handler={[Function]}
            key="106"
          />
          <Route
            handler={[Function]}
            key="107"
            name="ex-db-generic-keboola.ex-db-redshift-cursors-query-tables"
            path="tables/:tableId"
          />
        </Route>
        <Route
          handler={[Function]}
          key="109"
          name="ex-db-generic-keboola.ex-db-redshift-cursors-credentials"
          path="credentials"
        />
      </Route>
    </Route>
    <Route
      handler={[Function]}
      key="122"
      name="keboola.ex-db-firebird-index"
      path="keboola.ex-db-firebird"
    >
      <DefaultRoute
        handler={[Function]}
        key="112"
      />
      <Route
        handler={[Function]}
        key="121"
        name="keboola.ex-db-firebird"
        path=":config"
      >
        <DefaultRoute
          handler={[Function]}
          key="113"
        />
        <Route
          handler={[Function]}
          key="114"
          name="keboola.ex-db-firebird-tables"
          path="tables/:tableId"
        />
        <Route
          handler={[Function]}
          key="116"
          name="keboola.ex-db-firebird-versions"
          path="versions"
        >
          <DefaultRoute
            handler={[Function]}
            key="115"
          />
        </Route>
        <Route
          handler={[Function]}
          key="119"
          name="ex-db-generic-keboola.ex-db-firebird-query"
          path="query/:query"
        >
          <DefaultRoute
            handler={[Function]}
            key="117"
          />
          <Route
            handler={[Function]}
            key="118"
            name="ex-db-generic-keboola.ex-db-firebird-query-tables"
            path="tables/:tableId"
          />
        </Route>
        <Route
          handler={[Function]}
          key="120"
          name="ex-db-generic-keboola.ex-db-firebird-credentials"
          path="credentials"
        />
      </Route>
    </Route>
    <Route
      handler={[Function]}
      key="133"
      name="keboola.ex-db-db2-index"
      path="keboola.ex-db-db2"
    >
      <DefaultRoute
        handler={[Function]}
        key="123"
      />
      <Route
        handler={[Function]}
        key="132"
        name="keboola.ex-db-db2"
        path=":config"
      >
        <DefaultRoute
          handler={[Function]}
          key="124"
        />
        <Route
          handler={[Function]}
          key="125"
          name="keboola.ex-db-db2-tables"
          path="tables/:tableId"
        />
        <Route
          handler={[Function]}
          key="127"
          name="keboola.ex-db-db2-versions"
          path="versions"
        >
          <DefaultRoute
            handler={[Function]}
            key="126"
          />
        </Route>
        <Route
          handler={[Function]}
          key="130"
          name="ex-db-generic-keboola.ex-db-db2-query"
          path="query/:query"
        >
          <DefaultRoute
            handler={[Function]}
            key="128"
          />
          <Route
            handler={[Function]}
            key="129"
            name="ex-db-generic-keboola.ex-db-db2-query-tables"
            path="tables/:tableId"
          />
        </Route>
        <Route
          handler={[Function]}
          key="131"
          name="ex-db-generic-keboola.ex-db-db2-credentials"
          path="credentials"
        />
      </Route>
    </Route>
    <Route
      handler={[Function]}
      key="144"
      name="keboola.ex-db-db2-bata-index"
      path="keboola.ex-db-db2-bata"
    >
      <DefaultRoute
        handler={[Function]}
        key="134"
      />
      <Route
        handler={[Function]}
        key="143"
        name="keboola.ex-db-db2-bata"
        path=":config"
      >
        <DefaultRoute
          handler={[Function]}
          key="135"
        />
        <Route
          handler={[Function]}
          key="136"
          name="keboola.ex-db-db2-bata-tables"
          path="tables/:tableId"
        />
        <Route
          handler={[Function]}
          key="138"
          name="keboola.ex-db-db2-bata-versions"
          path="versions"
        >
          <DefaultRoute
            handler={[Function]}
            key="137"
          />
        </Route>
        <Route
          handler={[Function]}
          key="141"
          name="ex-db-generic-keboola.ex-db-db2-bata-query"
          path="query/:query"
        >
          <DefaultRoute
            handler={[Function]}
            key="139"
          />
          <Route
            handler={[Function]}
            key="140"
            name="ex-db-generic-keboola.ex-db-db2-bata-query-tables"
            path="tables/:tableId"
          />
        </Route>
        <Route
          handler={[Function]}
          key="142"
          name="ex-db-generic-keboola.ex-db-db2-bata-credentials"
          path="credentials"
        />
      </Route>
    </Route>
    <Route
      handler={[Function]}
      key="155"
      name="keboola.ex-db-mssql-index"
      path="keboola.ex-db-mssql"
    >
      <DefaultRoute
        handler={[Function]}
        key="145"
      />
      <Route
        handler={[Function]}
        key="154"
        name="keboola.ex-db-mssql"
        path=":config"
      >
        <DefaultRoute
          handler={[Function]}
          key="146"
        />
        <Route
          handler={[Function]}
          key="147"
          name="keboola.ex-db-mssql-tables"
          path="tables/:tableId"
        />
        <Route
          handler={[Function]}
          key="149"
          name="keboola.ex-db-mssql-versions"
          path="versions"
        >
          <DefaultRoute
            handler={[Function]}
            key="148"
          />
        </Route>
        <Route
          handler={[Function]}
          key="152"
          name="ex-db-generic-keboola.ex-db-mssql-query"
          path="query/:query"
        >
          <DefaultRoute
            handler={[Function]}
            key="150"
          />
          <Route
            handler={[Function]}
            key="151"
            name="ex-db-generic-keboola.ex-db-mssql-query-tables"
            path="tables/:tableId"
          />
        </Route>
        <Route
          handler={[Function]}
          key="153"
          name="ex-db-generic-keboola.ex-db-mssql-credentials"
          path="credentials"
        />
      </Route>
    </Route>
    <Route
      handler={[Function]}
      key="166"
      name="keboola.ex-db-mysql-index"
      path="keboola.ex-db-mysql"
    >
      <DefaultRoute
        handler={[Function]}
        key="156"
      />
      <Route
        handler={[Function]}
        key="165"
        name="keboola.ex-db-mysql"
        path=":config"
      >
        <DefaultRoute
          handler={[Function]}
          key="157"
        />
        <Route
          handler={[Function]}
          key="158"
          name="keboola.ex-db-mysql-tables"
          path="tables/:tableId"
        />
        <Route
          handler={[Function]}
          key="160"
          name="keboola.ex-db-mysql-versions"
          path="versions"
        >
          <DefaultRoute
            handler={[Function]}
            key="159"
          />
        </Route>
        <Route
          handler={[Function]}
          key="163"
          name="ex-db-generic-keboola.ex-db-mysql-query"
          path="query/:query"
        >
          <DefaultRoute
            handler={[Function]}
            key="161"
          />
          <Route
            handler={[Function]}
            key="162"
            name="ex-db-generic-keboola.ex-db-mysql-query-tables"
            path="tables/:tableId"
          />
        </Route>
        <Route
          handler={[Function]}
          key="164"
          name="ex-db-generic-keboola.ex-db-mysql-credentials"
          path="credentials"
        />
      </Route>
    </Route>
    <Route
      handler={[Function]}
      key="177"
      name="keboola.ex-db-mysql-custom-index"
      path="keboola.ex-db-mysql-custom"
    >
      <DefaultRoute
        handler={[Function]}
        key="167"
      />
      <Route
        handler={[Function]}
        key="176"
        name="keboola.ex-db-mysql-custom"
        path=":config"
      >
        <DefaultRoute
          handler={[Function]}
          key="168"
        />
        <Route
          handler={[Function]}
          key="169"
          name="keboola.ex-db-mysql-custom-tables"
          path="tables/:tableId"
        />
        <Route
          handler={[Function]}
          key="171"
          name="keboola.ex-db-mysql-custom-versions"
          path="versions"
        >
          <DefaultRoute
            handler={[Function]}
            key="170"
          />
        </Route>
        <Route
          handler={[Function]}
          key="174"
          name="ex-db-generic-keboola.ex-db-mysql-custom-query"
          path="query/:query"
        >
          <DefaultRoute
            handler={[Function]}
            key="172"
          />
          <Route
            handler={[Function]}
            key="173"
            name="ex-db-generic-keboola.ex-db-mysql-custom-query-tables"
            path="tables/:tableId"
          />
        </Route>
        <Route
          handler={[Function]}
          key="175"
          name="ex-db-generic-keboola.ex-db-mysql-custom-credentials"
          path="credentials"
        />
      </Route>
    </Route>
    <Route
      handler={[Function]}
      key="188"
      name="keboola.ex-db-oracle-index"
      path="keboola.ex-db-oracle"
    >
      <DefaultRoute
        handler={[Function]}
        key="178"
      />
      <Route
        handler={[Function]}
        key="187"
        name="keboola.ex-db-oracle"
        path=":config"
      >
        <DefaultRoute
          handler={[Function]}
          key="179"
        />
        <Route
          handler={[Function]}
          key="180"
          name="keboola.ex-db-oracle-tables"
          path="tables/:tableId"
        />
        <Route
          handler={[Function]}
          key="182"
          name="keboola.ex-db-oracle-versions"
          path="versions"
        >
          <DefaultRoute
            handler={[Function]}
            key="181"
          />
        </Route>
        <Route
          handler={[Function]}
          key="185"
          name="ex-db-generic-keboola.ex-db-oracle-query"
          path="query/:query"
        >
          <DefaultRoute
            handler={[Function]}
            key="183"
          />
          <Route
            handler={[Function]}
            key="184"
            name="ex-db-generic-keboola.ex-db-oracle-query-tables"
            path="tables/:tableId"
          />
        </Route>
        <Route
          handler={[Function]}
          key="186"
          name="ex-db-generic-keboola.ex-db-oracle-credentials"
          path="credentials"
        />
      </Route>
    </Route>
    <Route
      handler={[Function]}
      key="199"
      name="keboola.ex-db-snowflake-index"
      path="keboola.ex-db-snowflake"
    >
      <DefaultRoute
        handler={[Function]}
        key="189"
      />
      <Route
        handler={[Function]}
        key="198"
        name="keboola.ex-db-snowflake"
        path=":config"
      >
        <DefaultRoute
          handler={[Function]}
          key="190"
        />
        <Route
          handler={[Function]}
          key="191"
          name="keboola.ex-db-snowflake-tables"
          path="tables/:tableId"
        />
        <Route
          handler={[Function]}
          key="193"
          name="keboola.ex-db-snowflake-versions"
          path="versions"
        >
          <DefaultRoute
            handler={[Function]}
            key="192"
          />
        </Route>
        <Route
          handler={[Function]}
          key="196"
          name="ex-db-generic-keboola.ex-db-snowflake-query"
          path="query/:query"
        >
          <DefaultRoute
            handler={[Function]}
            key="194"
          />
          <Route
            handler={[Function]}
            key="195"
            name="ex-db-generic-keboola.ex-db-snowflake-query-tables"
            path="tables/:tableId"
          />
        </Route>
        <Route
          handler={[Function]}
          key="197"
          name="ex-db-generic-keboola.ex-db-snowflake-credentials"
          path="credentials"
        />
      </Route>
    </Route>
    <Route
      handler={[Function]}
      key="210"
      name="keboola.ex-db-impala-index"
      path="keboola.ex-db-impala"
    >
      <DefaultRoute
        handler={[Function]}
        key="200"
      />
      <Route
        handler={[Function]}
        key="209"
        name="keboola.ex-db-impala"
        path=":config"
      >
        <DefaultRoute
          handler={[Function]}
          key="201"
        />
        <Route
          handler={[Function]}
          key="202"
          name="keboola.ex-db-impala-tables"
          path="tables/:tableId"
        />
        <Route
          handler={[Function]}
          key="204"
          name="keboola.ex-db-impala-versions"
          path="versions"
        >
          <DefaultRoute
            handler={[Function]}
            key="203"
          />
        </Route>
        <Route
          handler={[Function]}
          key="207"
          name="ex-db-generic-keboola.ex-db-impala-query"
          path="query/:query"
        >
          <DefaultRoute
            handler={[Function]}
            key="205"
          />
          <Route
            handler={[Function]}
            key="206"
            name="ex-db-generic-keboola.ex-db-impala-query-tables"
            path="tables/:tableId"
          />
        </Route>
        <Route
          handler={[Function]}
          key="208"
          name="ex-db-generic-keboola.ex-db-impala-credentials"
          path="credentials"
        />
      </Route>
    </Route>
    <Route
      handler={[Function]}
      key="219"
      name="keboola.ex-mongodb-index"
      path="keboola.ex-mongodb"
    >
      <DefaultRoute
        handler={[Function]}
        key="211"
      />
      <Route
        handler={[Function]}
        key="218"
        name="keboola.ex-mongodb"
        path=":config"
      >
        <DefaultRoute
          handler={[Function]}
          key="212"
        />
        <Route
          handler={[Function]}
          key="213"
          name="keboola.ex-mongodb-tables"
          path="tables/:tableId"
        />
        <Route
          handler={[Function]}
          key="216"
          name="ex-mongodb-query"
          path="query/:query"
        >
          <DefaultRoute
            handler={[Function]}
            key="214"
          />
          <Route
            handler={[Function]}
            key="215"
            name="ex-mongodb-query-tables"
            path="tables/:tableId"
          />
        </Route>
        <Route
          handler={[Function]}
          key="217"
          name="ex-mongodb-credentials"
          path="credentials"
        />
      </Route>
    </Route>
    <Route
      handler={[Function]}
      key="229"
      name="keboola.ex-google-bigquery-index"
      path="keboola.ex-google-bigquery"
    >
      <DefaultRoute
        handler={[Function]}
        key="220"
      />
      <Route
        handler={[Function]}
        key="228"
        name="keboola.ex-google-bigquery"
        path=":config"
      >
        <DefaultRoute
          handler={[Function]}
          key="221"
        />
        <Route
          handler={[Function]}
          key="222"
          name="keboola.ex-google-bigquery-tables"
          path="tables/:tableId"
        />
        <Route
          handler={[Function]}
          key="223"
          name="keboola.ex-google-bigquery-oauth-redirect"
          path="oauth-redirect"
        />
        <Route
          handler={[Function]}
          key="226"
          name="ex-db-generic-keboola.ex-google-bigquery-query"
          path="query/:query"
        >
          <DefaultRoute
            handler={[Function]}
            key="224"
          />
          <Route
            handler={[Function]}
            key="225"
            name="ex-db-generic-keboola.ex-google-bigquery-query-tables"
            path="tables/:tableId"
          />
        </Route>
        <Route
          handler={[Function]}
          key="227"
          name="ex-db-generic-keboola.ex-google-bigquery-new-query"
          path="new-query"
        />
      </Route>
    </Route>
    <Route
      handler={[Function]}
      key="240"
      name="keboola.ex-teradata-index"
      path="keboola.ex-teradata"
    >
      <DefaultRoute
        handler={[Function]}
        key="230"
      />
      <Route
        handler={[Function]}
        key="239"
        name="keboola.ex-teradata"
        path=":config"
      >
        <DefaultRoute
          handler={[Function]}
          key="231"
        />
        <Route
          handler={[Function]}
          key="232"
          name="keboola.ex-teradata-tables"
          path="tables/:tableId"
        />
        <Route
          handler={[Function]}
          key="234"
          name="keboola.ex-teradata-versions"
          path="versions"
        >
          <DefaultRoute
            handler={[Function]}
            key="233"
          />
        </Route>
        <Route
          handler={[Function]}
          key="237"
          name="ex-db-generic-keboola.ex-teradata-query"
          path="query/:query"
        >
          <DefaultRoute
            handler={[Function]}
            key="235"
          />
          <Route
            handler={[Function]}
            key="236"
            name="ex-db-generic-keboola.ex-teradata-query-tables"
            path="tables/:tableId"
          />
        </Route>
        <Route
          handler={[Function]}
          key="238"
          name="ex-db-generic-keboola.ex-teradata-credentials"
          path="credentials"
        />
      </Route>
    </Route>
    <Route
      handler={[Function]}
      key="245"
      name="keboola.csv-import-index"
      path="keboola.csv-import"
    >
      <DefaultRoute
        handler={[Function]}
        key="241"
      />
      <Route
        handler={[Function]}
        key="244"
        name="keboola.csv-import"
        path=":config"
      >
        <DefaultRoute
          handler={[Function]}
          key="242"
        />
        <Route
          handler={[Function]}
          key="243"
          name="keboola.csv-import-tables"
          path="tables/:tableId"
        />
      </Route>
    </Route>
    <Route
      handler={[Function]}
      key="250"
      name="keboola.ex-s3-index"
      path="keboola.ex-s3"
    >
      <DefaultRoute
        handler={[Function]}
        key="246"
      />
      <Route
        handler={[Function]}
        key="249"
        name="keboola.ex-s3"
        path=":config"
      >
        <DefaultRoute
          handler={[Function]}
          key="247"
        />
        <Route
          handler={[Function]}
          key="248"
          name="keboola.ex-s3-tables"
          path="tables/:tableId"
        />
      </Route>
    </Route>
    <Route
      handler={[Function]}
      key="255"
      name="apify.apify-index"
      path="apify.apify"
    >
      <DefaultRoute
        handler={[Function]}
        key="251"
      />
      <Route
        handler={[Function]}
        key="254"
        name="apify.apify"
        path=":config"
      >
        <DefaultRoute
          handler={[Function]}
          key="252"
        />
        <Route
          handler={[Function]}
          key="253"
          name="apify.apify-tables"
          path="tables/:tableId"
        />
      </Route>
    </Route>
    <Route
      handler={[Function]}
      key="264"
      name="keboola.ex-aws-s3-index"
      path="keboola.ex-aws-s3"
    >
      <DefaultRoute
        handler={[Function]}
        key="256"
      />
      <Route
        handler={[Function]}
        key="263"
        name="keboola.ex-aws-s3"
        path=":config"
      >
        <DefaultRoute
          handler={[Function]}
          key="257"
        />
        <Route
          handler={[Function]}
          key="262"
          name="keboola.ex-aws-s3-row"
          path="rows/:row"
        >
          <DefaultRoute
            handler={[Function]}
            key="258"
          />
          <Route
            handler={[Function]}
            key="259"
            name="keboola.ex-aws-s3-row-tables"
            path="tables/:tableId"
          />
          <Route
            handler={[Function]}
            key="261"
            name="keboola.ex-aws-s3-row-versions"
            path="versions"
          >
            <DefaultRoute
              handler={[Function]}
              key="260"
            />
          </Route>
        </Route>
      </Route>
    </Route>
    <Route
      handler={[Function]}
      key="268"
      name="keboola.ex-email-attachments-index"
      path="keboola.ex-email-attachments"
    >
      <DefaultRoute
        handler={[Function]}
        key="265"
      />
      <Route
        handler={[Function]}
        key="267"
        name="keboola.ex-email-attachments"
        path=":config"
      >
        <DefaultRoute
          handler={[Function]}
          key="266"
        />
      </Route>
    </Route>
    <Route
      handler={[Function]}
      key="277"
      name="keboola.ex-http-index"
      path="keboola.ex-http"
    >
      <DefaultRoute
        handler={[Function]}
        key="269"
      />
      <Route
        handler={[Function]}
        key="276"
        name="keboola.ex-http"
        path=":config"
      >
        <DefaultRoute
          handler={[Function]}
          key="270"
        />
        <Route
          handler={[Function]}
          key="275"
          name="keboola.ex-http-row"
          path="rows/:row"
        >
          <DefaultRoute
            handler={[Function]}
            key="271"
          />
          <Route
            handler={[Function]}
            key="272"
            name="keboola.ex-http-row-tables"
            path="tables/:tableId"
          />
          <Route
            handler={[Function]}
            key="274"
            name="keboola.ex-http-row-versions"
            path="versions"
          >
            <DefaultRoute
              handler={[Function]}
              key="273"
            />
          </Route>
        </Route>
      </Route>
    </Route>
    <Route
      handler={[Function]}
      key="286"
      name="keboola.ex-storage-index"
      path="keboola.ex-storage"
    >
      <DefaultRoute
        handler={[Function]}
        key="278"
      />
      <Route
        handler={[Function]}
        key="285"
        name="keboola.ex-storage"
        path=":config"
      >
        <DefaultRoute
          handler={[Function]}
          key="279"
        />
        <Route
          handler={[Function]}
          key="284"
          name="keboola.ex-storage-row"
          path="rows/:row"
        >
          <DefaultRoute
            handler={[Function]}
            key="280"
          />
          <Route
            handler={[Function]}
            key="281"
            name="keboola.ex-storage-row-tables"
            path="tables/:tableId"
          />
          <Route
            handler={[Function]}
            key="283"
            name="keboola.ex-storage-row-versions"
            path="versions"
          >
            <DefaultRoute
              handler={[Function]}
              key="282"
            />
          </Route>
        </Route>
      </Route>
    </Route>
    <Route
      handler={[Function]}
      key="295"
      name="htns.ex-salesforce-index"
      path="htns.ex-salesforce"
    >
      <DefaultRoute
        handler={[Function]}
        key="287"
      />
      <Route
        handler={[Function]}
        key="294"
        name="htns.ex-salesforce"
        path=":config"
      >
        <DefaultRoute
          handler={[Function]}
          key="288"
        />
        <Route
          handler={[Function]}
          key="293"
          name="htns.ex-salesforce-row"
          path="rows/:row"
        >
          <DefaultRoute
            handler={[Function]}
            key="289"
          />
          <Route
            handler={[Function]}
            key="290"
            name="htns.ex-salesforce-row-tables"
            path="tables/:tableId"
          />
          <Route
            handler={[Function]}
            key="292"
            name="htns.ex-salesforce-row-versions"
            path="versions"
          >
            <DefaultRoute
              handler={[Function]}
              key="291"
            />
          </Route>
        </Route>
      </Route>
    </Route>
    <Route
      handler={[Function]}
      key="304"
      name="keboola.ex-ftp-index"
      path="keboola.ex-ftp"
    >
      <DefaultRoute
        handler={[Function]}
        key="296"
      />
      <Route
        handler={[Function]}
        key="303"
        name="keboola.ex-ftp"
        path=":config"
      >
        <DefaultRoute
          handler={[Function]}
          key="297"
        />
        <Route
          handler={[Function]}
          key="302"
          name="keboola.ex-ftp-row"
          path="rows/:row"
        >
          <DefaultRoute
            handler={[Function]}
            key="298"
          />
          <Route
            handler={[Function]}
            key="299"
            name="keboola.ex-ftp-row-tables"
            path="tables/:tableId"
          />
          <Route
            handler={[Function]}
            key="301"
            name="keboola.ex-ftp-row-versions"
            path="versions"
          >
            <DefaultRoute
              handler={[Function]}
              key="300"
            />
          </Route>
        </Route>
      </Route>
    </Route>
    <Route
      handler={[Function]}
      key="313"
      name="keboola.ex-google-bigquery-v2-index"
      path="keboola.ex-google-bigquery-v2"
    >
      <DefaultRoute
        handler={[Function]}
        key="305"
      />
      <Route
        handler={[Function]}
        key="312"
        name="keboola.ex-google-bigquery-v2"
        path=":config"
      >
        <DefaultRoute
          handler={[Function]}
          key="306"
        />
        <Route
          handler={[Function]}
          key="311"
          name="keboola.ex-google-bigquery-v2-row"
          path="rows/:row"
        >
          <DefaultRoute
            handler={[Function]}
            key="307"
          />
          <Route
            handler={[Function]}
            key="308"
            name="keboola.ex-google-bigquery-v2-row-tables"
            path="tables/:tableId"
          />
          <Route
            handler={[Function]}
            key="310"
            name="keboola.ex-google-bigquery-v2-row-versions"
            path="versions"
          >
            <DefaultRoute
              handler={[Function]}
              key="309"
            />
          </Route>
        </Route>
      </Route>
    </Route>
    <Route
      handler={[Function]}
      key="321"
      name="generic-detail-extractor"
      path=":component"
    >
      <DefaultRoute
        handler={[Function]}
        key="314"
      />
      <Route
        handler={[Function]}
        key="320"
        name="generic-detail-extractor-config"
        path=":config"
      >
        <DefaultRoute
          handler={[Function]}
          key="315"
        />
        <Route
          handler={[Function]}
          key="316"
          name="generic-detail-extractor-config-tables"
          path="tables/:tableId"
        />
        <Route
          handler={[Function]}
          key="318"
          name="extractor-versions"
          path="versions"
        >
          <DefaultRoute
            handler={[Function]}
            key="317"
          />
        </Route>
        <Route
          handler={[Function]}
          key="319"
          name="generic-extractor-oauth-redirect"
          path="oauth-redirect"
        />
      </Route>
    </Route>
  </Route>
  <Route
    handler={[Function]}
    key="517"
    name="writers"
  >
    <DefaultRoute
      handler={[Function]}
      key="323"
    />
    <Route
      handler={[Function]}
      key="325"
      name="new-writer"
    >
      <DefaultRoute
        handler={[Function]}
        key="324"
      />
    </Route>
    <Route
      handler={[Function]}
      key="333"
      name="gooddata-writer-index"
      path="gooddata-writer"
    >
      <DefaultRoute
        handler={[Function]}
        key="326"
      />
      <Route
        handler={[Function]}
        key="332"
        name="gooddata-writer"
        path=":config"
      >
        <DefaultRoute
          handler={[Function]}
          key="327"
        />
        <Route
          handler={[Function]}
          key="328"
          name="gooddata-writer-tables"
          path="tables/:tableId"
        />
        <Route
          handler={[Function]}
          key="329"
          name="gooddata-writer-table"
          path="table/:table"
        />
        <Route
          handler={[Function]}
          key="330"
          name="gooddata-writer-date-dimensions"
          path="dimensions"
        />
        <Route
          handler={[Function]}
          key="331"
          name="gooddata-writer-model"
          path="model"
        />
      </Route>
    </Route>
    <Route
      handler={[Function]}
      key="343"
      name="tde-exporter-index"
      path="tde-exporter"
    >
      <DefaultRoute
        handler={[Function]}
        key="334"
      />
      <Route
        handler={[Function]}
        key="342"
        name="tde-exporter"
        path=":config"
      >
        <DefaultRoute
          handler={[Function]}
          key="335"
        />
        <Route
          handler={[Function]}
          key="336"
          name="tde-exporter-tables"
          path="tables/:tableId"
        />
        <Route
          handler={[Function]}
          key="337"
          name="tde-exporter-table"
          path="table/:tableId"
        />
        <Route
          handler={[Function]}
          key="341"
          name="tde-exporter-destination"
          path="destination"
        >
          <DefaultRoute
            handler={[Function]}
            key="338"
          />
          <Route
            handler={[Function]}
            key="339"
            name="tde-oauth-v2-redirect-keboola.wr-dropbox-v2"
            path="oauth-redirect-keboola.wr-dropbox-v2"
          />
          <Route
            handler={[Function]}
            key="340"
            name="tde-oauth-v2-redirect-keboola.wr-google-drive"
            path="oauth-redirect-keboola.wr-google-drive"
          />
        </Route>
      </Route>
    </Route>
    <Route
      handler={[Function]}
      key="348"
      name="keboola.wr-google-sheets-index"
      path="keboola.wr-google-sheets"
    >
      <DefaultRoute
        handler={[Function]}
        key="344"
      />
      <Route
        handler={[Function]}
        key="347"
        name="keboola.wr-google-sheets"
        path=":config"
      >
        <DefaultRoute
          handler={[Function]}
          key="345"
        />
        <Route
          handler={[Function]}
          key="346"
          name="keboola.wr-google-sheets-tables"
          path="tables/:tableId"
        />
      </Route>
    </Route>
    <Route
      handler={[Function]}
      key="353"
      name="keboola.wr-google-drive-index"
      path="keboola.wr-google-drive"
    >
      <DefaultRoute
        handler={[Function]}
        key="349"
      />
      <Route
        handler={[Function]}
        key="352"
        name="keboola.wr-google-drive"
        path=":config"
      >
        <DefaultRoute
          handler={[Function]}
          key="350"
        />
        <Route
          handler={[Function]}
          key="351"
          name="keboola.wr-google-drive-tables"
          path="tables/:tableId"
        />
      </Route>
    </Route>
    <Route
      handler={[Function]}
      key="360"
      name="wr-db-index"
      path="wr-db"
    >
      <DefaultRoute
        handler={[Function]}
        key="354"
      />
      <Route
        handler={[Function]}
        key="359"
        name="wr-db"
        path=":config"
      >
        <DefaultRoute
          handler={[Function]}
          key="355"
        />
        <Route
          handler={[Function]}
          key="356"
          name="wr-db-tables"
          path="tables/:tableId"
        />
        <Route
          handler={[Function]}
          key="357"
          name="wr-db-table"
          path="table/:tableId"
        />
        <Route
          handler={[Function]}
          key="358"
          name="wr-db-credentials"
          path="credentials"
        />
      </Route>
    </Route>
    <Route
      handler={[Function]}
      key="367"
      name="wr-db-mysql-index"
      path="wr-db-mysql"
    >
      <DefaultRoute
        handler={[Function]}
        key="361"
      />
      <Route
        handler={[Function]}
        key="366"
        name="wr-db-mysql"
        path=":config"
      >
        <DefaultRoute
          handler={[Function]}
          key="362"
        />
        <Route
          handler={[Function]}
          key="363"
          name="wr-db-mysql-tables"
          path="tables/:tableId"
        />
        <Route
          handler={[Function]}
          key="364"
          name="wr-db-mysql-table"
          path="table/:tableId"
        />
        <Route
          handler={[Function]}
          key="365"
          name="wr-db-mysql-credentials"
          path="credentials"
        />
      </Route>
    </Route>
    <Route
      handler={[Function]}
      key="374"
      name="wr-db-oracle-index"
      path="wr-db-oracle"
    >
      <DefaultRoute
        handler={[Function]}
        key="368"
      />
      <Route
        handler={[Function]}
        key="373"
        name="wr-db-oracle"
        path=":config"
      >
        <DefaultRoute
          handler={[Function]}
          key="369"
        />
        <Route
          handler={[Function]}
          key="370"
          name="wr-db-oracle-tables"
          path="tables/:tableId"
        />
        <Route
          handler={[Function]}
          key="371"
          name="wr-db-oracle-table"
          path="table/:tableId"
        />
        <Route
          handler={[Function]}
          key="372"
          name="wr-db-oracle-credentials"
          path="credentials"
        />
      </Route>
    </Route>
    <Route
      handler={[Function]}
      key="381"
      name="wr-db-redshift-index"
      path="wr-db-redshift"
    >
      <DefaultRoute
        handler={[Function]}
        key="375"
      />
      <Route
        handler={[Function]}
        key="380"
        name="wr-db-redshift"
        path=":config"
      >
        <DefaultRoute
          handler={[Function]}
          key="376"
        />
        <Route
          handler={[Function]}
          key="377"
          name="wr-db-redshift-tables"
          path="tables/:tableId"
        />
        <Route
          handler={[Function]}
          key="378"
          name="wr-db-redshift-table"
          path="table/:tableId"
        />
        <Route
          handler={[Function]}
          key="379"
          name="wr-db-redshift-credentials"
          path="credentials"
        />
      </Route>
    </Route>
    <Route
      handler={[Function]}
      key="388"
      name="keboola.wr-looker-index"
      path="keboola.wr-looker"
    >
      <DefaultRoute
        handler={[Function]}
        key="382"
      />
      <Route
        handler={[Function]}
        key="387"
        name="keboola.wr-looker"
        path=":config"
      >
        <DefaultRoute
          handler={[Function]}
          key="383"
        />
        <Route
          handler={[Function]}
          key="384"
          name="keboola.wr-looker-tables"
          path="tables/:tableId"
        />
        <Route
          handler={[Function]}
          key="385"
          name="keboola.wr-looker-table"
          path="table/:tableId"
        />
        <Route
          handler={[Function]}
          key="386"
          name="keboola.wr-looker-credentials"
          path="credentials"
        />
      </Route>
    </Route>
    <Route
      handler={[Function]}
      key="395"
      name="keboola.wr-qlik-index"
      path="keboola.wr-qlik"
    >
      <DefaultRoute
        handler={[Function]}
        key="389"
      />
      <Route
        handler={[Function]}
        key="394"
        name="keboola.wr-qlik"
        path=":config"
      >
        <DefaultRoute
          handler={[Function]}
          key="390"
        />
        <Route
          handler={[Function]}
          key="391"
          name="keboola.wr-qlik-tables"
          path="tables/:tableId"
        />
        <Route
          handler={[Function]}
          key="392"
          name="keboola.wr-qlik-table"
          path="table/:tableId"
        />
        <Route
          handler={[Function]}
          key="393"
          name="keboola.wr-qlik-credentials"
          path="credentials"
        />
      </Route>
    </Route>
    <Route
      handler={[Function]}
      key="402"
      name="wr-tableau-index"
      path="wr-tableau"
    >
      <DefaultRoute
        handler={[Function]}
        key="396"
      />
      <Route
        handler={[Function]}
        key="401"
        name="wr-tableau"
        path=":config"
      >
        <DefaultRoute
          handler={[Function]}
          key="397"
        />
        <Route
          handler={[Function]}
          key="398"
          name="wr-tableau-tables"
          path="tables/:tableId"
        />
        <Route
          handler={[Function]}
          key="399"
          name="wr-tableau-table"
          path="table/:tableId"
        />
        <Route
          handler={[Function]}
          key="400"
          name="wr-tableau-credentials"
          path="credentials"
        />
      </Route>
    </Route>
    <Route
      handler={[Function]}
      key="409"
      name="wr-db-mssql-index"
      path="wr-db-mssql"
    >
      <DefaultRoute
        handler={[Function]}
        key="403"
      />
      <Route
        handler={[Function]}
        key="408"
        name="wr-db-mssql"
        path=":config"
      >
        <DefaultRoute
          handler={[Function]}
          key="404"
        />
        <Route
          handler={[Function]}
          key="405"
          name="wr-db-mssql-tables"
          path="tables/:tableId"
        />
        <Route
          handler={[Function]}
          key="406"
          name="wr-db-mssql-table"
          path="table/:tableId"
        />
        <Route
          handler={[Function]}
          key="407"
          name="wr-db-mssql-credentials"
          path="credentials"
        />
      </Route>
    </Route>
    <Route
      handler={[Function]}
      key="416"
      name="keboola.wr-db-mssql-v2-index"
      path="keboola.wr-db-mssql-v2"
    >
      <DefaultRoute
        handler={[Function]}
        key="410"
      />
      <Route
        handler={[Function]}
        key="415"
        name="keboola.wr-db-mssql-v2"
        path=":config"
      >
        <DefaultRoute
          handler={[Function]}
          key="411"
        />
        <Route
          handler={[Function]}
          key="412"
          name="keboola.wr-db-mssql-v2-tables"
          path="tables/:tableId"
        />
        <Route
          handler={[Function]}
          key="413"
          name="keboola.wr-db-mssql-v2-table"
          path="table/:tableId"
        />
        <Route
          handler={[Function]}
          key="414"
          name="keboola.wr-db-mssql-v2-credentials"
          path="credentials"
        />
      </Route>
    </Route>
    <Route
      handler={[Function]}
      key="423"
      name="keboola.wr-redshift-v2-index"
      path="keboola.wr-redshift-v2"
    >
      <DefaultRoute
        handler={[Function]}
        key="417"
      />
      <Route
        handler={[Function]}
        key="422"
        name="keboola.wr-redshift-v2"
        path=":config"
      >
        <DefaultRoute
          handler={[Function]}
          key="418"
        />
        <Route
          handler={[Function]}
          key="419"
          name="keboola.wr-redshift-v2-tables"
          path="tables/:tableId"
        />
        <Route
          handler={[Function]}
          key="420"
          name="keboola.wr-redshift-v2-table"
          path="table/:tableId"
        />
        <Route
          handler={[Function]}
          key="421"
          name="keboola.wr-redshift-v2-credentials"
          path="credentials"
        />
      </Route>
    </Route>
    <Route
      handler={[Function]}
      key="430"
      name="keboola.wr-db-impala-index"
      path="keboola.wr-db-impala"
    >
      <DefaultRoute
        handler={[Function]}
        key="424"
      />
      <Route
        handler={[Function]}
        key="429"
        name="keboola.wr-db-impala"
        path=":config"
      >
        <DefaultRoute
          handler={[Function]}
          key="425"
        />
        <Route
          handler={[Function]}
          key="426"
          name="keboola.wr-db-impala-tables"
          path="tables/:tableId"
        />
        <Route
          handler={[Function]}
          key="427"
          name="keboola.wr-db-impala-table"
          path="table/:tableId"
        />
        <Route
          handler={[Function]}
          key="428"
          name="keboola.wr-db-impala-credentials"
          path="credentials"
        />
      </Route>
    </Route>
    <Route
      handler={[Function]}
      key="437"
      name="keboola.wr-db-mysql-index"
      path="keboola.wr-db-mysql"
    >
      <DefaultRoute
        handler={[Function]}
        key="431"
      />
      <Route
        handler={[Function]}
        key="436"
        name="keboola.wr-db-mysql"
        path=":config"
      >
        <DefaultRoute
          handler={[Function]}
          key="432"
        />
        <Route
          handler={[Function]}
          key="433"
          name="keboola.wr-db-mysql-tables"
          path="tables/:tableId"
        />
        <Route
          handler={[Function]}
          key="434"
          name="keboola.wr-db-mysql-table"
          path="table/:tableId"
        />
        <Route
          handler={[Function]}
          key="435"
          name="keboola.wr-db-mysql-credentials"
          path="credentials"
        />
      </Route>
    </Route>
    <Route
      handler={[Function]}
      key="444"
      name="keboola.wr-db-oracle-index"
      path="keboola.wr-db-oracle"
    >
      <DefaultRoute
        handler={[Function]}
        key="438"
      />
      <Route
        handler={[Function]}
        key="443"
        name="keboola.wr-db-oracle"
        path=":config"
      >
        <DefaultRoute
          handler={[Function]}
          key="439"
        />
        <Route
          handler={[Function]}
          key="440"
          name="keboola.wr-db-oracle-tables"
          path="tables/:tableId"
        />
        <Route
          handler={[Function]}
          key="441"
          name="keboola.wr-db-oracle-table"
          path="table/:tableId"
        />
        <Route
          handler={[Function]}
          key="442"
          name="keboola.wr-db-oracle-credentials"
          path="credentials"
        />
      </Route>
    </Route>
    <Route
      handler={[Function]}
      key="451"
      name="keboola.wr-db-pgsql-index"
      path="keboola.wr-db-pgsql"
    >
      <DefaultRoute
        handler={[Function]}
        key="445"
      />
      <Route
        handler={[Function]}
        key="450"
        name="keboola.wr-db-pgsql"
        path=":config"
      >
        <DefaultRoute
          handler={[Function]}
          key="446"
        />
        <Route
          handler={[Function]}
          key="447"
          name="keboola.wr-db-pgsql-tables"
          path="tables/:tableId"
        />
        <Route
          handler={[Function]}
          key="448"
          name="keboola.wr-db-pgsql-table"
          path="table/:tableId"
        />
        <Route
          handler={[Function]}
          key="449"
          name="keboola.wr-db-pgsql-credentials"
          path="credentials"
        />
      </Route>
    </Route>
    <Route
      handler={[Function]}
      key="458"
      name="keboola.wr-db-snowflake-index"
      path="keboola.wr-db-snowflake"
    >
      <DefaultRoute
        handler={[Function]}
        key="452"
      />
      <Route
        handler={[Function]}
        key="457"
        name="keboola.wr-db-snowflake"
        path=":config"
      >
        <DefaultRoute
          handler={[Function]}
          key="453"
        />
        <Route
          handler={[Function]}
          key="454"
          name="keboola.wr-db-snowflake-tables"
          path="tables/:tableId"
        />
        <Route
          handler={[Function]}
          key="455"
          name="keboola.wr-db-snowflake-table"
          path="table/:tableId"
        />
        <Route
          handler={[Function]}
          key="456"
          name="keboola.wr-db-snowflake-credentials"
          path="credentials"
        />
      </Route>
    </Route>
    <Route
      handler={[Function]}
      key="465"
      name="keboola.wr-thoughtspot-index"
      path="keboola.wr-thoughtspot"
    >
      <DefaultRoute
        handler={[Function]}
        key="459"
      />
      <Route
        handler={[Function]}
        key="464"
        name="keboola.wr-thoughtspot"
        path=":config"
      >
        <DefaultRoute
          handler={[Function]}
          key="460"
        />
        <Route
          handler={[Function]}
          key="461"
          name="keboola.wr-thoughtspot-tables"
          path="tables/:tableId"
        />
        <Route
          handler={[Function]}
          key="462"
          name="keboola.wr-thoughtspot-table"
          path="table/:tableId"
        />
        <Route
          handler={[Function]}
          key="463"
          name="keboola.wr-thoughtspot-credentials"
          path="credentials"
        />
      </Route>
    </Route>
    <Route
      handler={[Function]}
      key="472"
      name="keboola.gooddata-writer-index"
      path="keboola.gooddata-writer"
    >
      <DefaultRoute
        handler={[Function]}
        key="466"
      />
      <Route
        handler={[Function]}
        key="471"
        name="keboola.gooddata-writer"
        path=":config"
      >
        <DefaultRoute
          handler={[Function]}
          key="467"
        />
        <Route
          handler={[Function]}
          key="470"
          name="keboola.gooddata-writer-table"
          path="table/:table"
        >
          <DefaultRoute
            handler={[Function]}
            key="468"
          />
          <Route
            handler={[Function]}
            key="469"
            name="keboola.gooddata-writer-tables"
            path="tables/:tableId"
          />
        </Route>
      </Route>
    </Route>
    <Route
      handler={[Function]}
      key="481"
      name="keboola.wr-storage-index"
      path="keboola.wr-storage"
    >
      <DefaultRoute
        handler={[Function]}
        key="473"
      />
      <Route
        handler={[Function]}
        key="480"
        name="keboola.wr-storage"
        path=":config"
      >
        <DefaultRoute
          handler={[Function]}
          key="474"
        />
        <Route
          handler={[Function]}
          key="479"
          name="keboola.wr-storage-row"
          path="rows/:row"
        >
          <DefaultRoute
            handler={[Function]}
            key="475"
          />
          <Route
            handler={[Function]}
            key="476"
            name="keboola.wr-storage-row-tables"
            path="tables/:tableId"
          />
          <Route
            handler={[Function]}
            key="478"
            name="keboola.wr-storage-row-versions"
            path="versions"
          >
            <DefaultRoute
              handler={[Function]}
              key="477"
            />
          </Route>
        </Route>
      </Route>
    </Route>
    <Route
      handler={[Function]}
      key="490"
      name="keboola.wr-aws-s3-index"
      path="keboola.wr-aws-s3"
    >
      <DefaultRoute
        handler={[Function]}
        key="482"
      />
      <Route
        handler={[Function]}
        key="489"
        name="keboola.wr-aws-s3"
        path=":config"
      >
        <DefaultRoute
          handler={[Function]}
          key="483"
        />
        <Route
          handler={[Function]}
          key="488"
          name="keboola.wr-aws-s3-row"
          path="rows/:row"
        >
          <DefaultRoute
            handler={[Function]}
            key="484"
          />
          <Route
            handler={[Function]}
            key="485"
            name="keboola.wr-aws-s3-row-tables"
            path="tables/:tableId"
          />
          <Route
            handler={[Function]}
            key="487"
            name="keboola.wr-aws-s3-row-versions"
            path="versions"
          >
            <DefaultRoute
              handler={[Function]}
              key="486"
            />
          </Route>
        </Route>
      </Route>
    </Route>
    <Route
      handler={[Function]}
      key="499"
      name="keboola.wr-google-bigquery-index"
      path="keboola.wr-google-bigquery"
    >
      <DefaultRoute
        handler={[Function]}
        key="491"
      />
      <Route
        handler={[Function]}
        key="498"
        name="keboola.wr-google-bigquery"
        path=":config"
      >
        <DefaultRoute
          handler={[Function]}
          key="492"
        />
        <Route
          handler={[Function]}
          key="497"
          name="keboola.wr-google-bigquery-row"
          path="rows/:row"
        >
          <DefaultRoute
            handler={[Function]}
            key="493"
          />
          <Route
            handler={[Function]}
            key="494"
            name="keboola.wr-google-bigquery-row-tables"
            path="tables/:tableId"
          />
          <Route
            handler={[Function]}
            key="496"
            name="keboola.wr-google-bigquery-row-versions"
            path="versions"
          >
            <DefaultRoute
              handler={[Function]}
              key="495"
            />
          </Route>
        </Route>
      </Route>
    </Route>
    <Route
      handler={[Function]}
      key="508"
      name="keboola.wr-google-bigquery-v2-index"
      path="keboola.wr-google-bigquery-v2"
    >
      <DefaultRoute
        handler={[Function]}
        key="500"
      />
      <Route
        handler={[Function]}
        key="507"
        name="keboola.wr-google-bigquery-v2"
        path=":config"
      >
        <DefaultRoute
          handler={[Function]}
          key="501"
        />
        <Route
          handler={[Function]}
          key="506"
          name="keboola.wr-google-bigquery-v2-row"
          path="rows/:row"
        >
          <DefaultRoute
            handler={[Function]}
            key="502"
          />
          <Route
            handler={[Function]}
            key="503"
            name="keboola.wr-google-bigquery-v2-row-tables"
            path="tables/:tableId"
          />
          <Route
            handler={[Function]}
            key="505"
            name="keboola.wr-google-bigquery-v2-row-versions"
            path="versions"
          >
            <DefaultRoute
              handler={[Function]}
              key="504"
            />
          </Route>
        </Route>
      </Route>
    </Route>
    <Route
      handler={[Function]}
      key="516"
      name="generic-detail-writer"
      path=":component"
    >
      <DefaultRoute
        handler={[Function]}
        key="509"
      />
      <Route
        handler={[Function]}
        key="515"
        name="generic-detail-writer-config"
        path=":config"
      >
        <DefaultRoute
          handler={[Function]}
          key="510"
        />
        <Route
          handler={[Function]}
          key="511"
          name="generic-detail-writer-config-tables"
          path="tables/:tableId"
        />
        <Route
          handler={[Function]}
          key="513"
          name="writer-versions"
          path="versions"
        >
          <DefaultRoute
            handler={[Function]}
            key="512"
          />
        </Route>
        <Route
          handler={[Function]}
          key="514"
          name="generic-writer-oauth-redirect"
          path="oauth-redirect"
        />
      </Route>
    </Route>
  </Route>
  <Route
    handler={[Function]}
    key="552"
    name="applications"
  >
    <DefaultRoute
      handler={[Function]}
      key="518"
    />
    <Route
      handler={[Function]}
      key="520"
      name="new-application"
    >
      <DefaultRoute
        handler={[Function]}
        key="519"
      />
    </Route>
    <Route
      handler={[Function]}
      key="525"
      name="geneea-nlp-analysis-index"
      path="geneea-nlp-analysis"
    >
      <DefaultRoute
        handler={[Function]}
        key="521"
      />
      <Route
        handler={[Function]}
        key="524"
        name="geneea-nlp-analysis"
        path=":config"
      >
        <DefaultRoute
          handler={[Function]}
          key="522"
        />
        <Route
          handler={[Function]}
          key="523"
          name="geneea-nlp-analysis-tables"
          path="tables/:tableId"
        />
      </Route>
    </Route>
    <Route
      handler={[Function]}
      key="530"
      name="geneea.nlp-analysis-v2-index"
      path="geneea.nlp-analysis-v2"
    >
      <DefaultRoute
        handler={[Function]}
        key="526"
      />
      <Route
        handler={[Function]}
        key="529"
        name="geneea.nlp-analysis-v2"
        path=":config"
      >
        <DefaultRoute
          handler={[Function]}
          key="527"
        />
        <Route
          handler={[Function]}
          key="528"
          name="geneea.nlp-analysis-v2-tables"
          path="tables/:tableId"
        />
      </Route>
    </Route>
    <Route
      handler={[Function]}
      key="534"
      name="custom-science-index"
      path="custom-science"
    >
      <DefaultRoute
        handler={[Function]}
        key="531"
      />
      <Route
        handler={[Function]}
        key="533"
        name="custom-science"
        path=":config"
      >
        <DefaultRoute
          handler={[Function]}
          key="532"
        />
      </Route>
    </Route>
    <Route
      handler={[Function]}
      key="543"
      name="keboola.app-snowflake-dwh-manager-index"
      path="keboola.app-snowflake-dwh-manager"
    >
      <DefaultRoute
        handler={[Function]}
        key="535"
      />
      <Route
        handler={[Function]}
        key="542"
        name="keboola.app-snowflake-dwh-manager"
        path=":config"
      >
        <DefaultRoute
          handler={[Function]}
          key="536"
        />
        <Route
          handler={[Function]}
          key="541"
          name="keboola.app-snowflake-dwh-manager-row"
          path="rows/:row"
        >
          <DefaultRoute
            handler={[Function]}
            key="537"
          />
          <Route
            handler={[Function]}
            key="538"
            name="keboola.app-snowflake-dwh-manager-row-tables"
            path="tables/:tableId"
          />
          <Route
            handler={[Function]}
            key="540"
            name="keboola.app-snowflake-dwh-manager-row-versions"
            path="versions"
          >
            <DefaultRoute
              handler={[Function]}
              key="539"
            />
          </Route>
        </Route>
      </Route>
    </Route>
    <Route
      handler={[Function]}
      key="551"
      name="generic-detail-application"
      path=":component"
    >
      <DefaultRoute
        handler={[Function]}
        key="544"
      />
      <Route
        handler={[Function]}
        key="550"
        name="generic-detail-application-config"
        path=":config"
      >
        <DefaultRoute
          handler={[Function]}
          key="545"
        />
        <Route
          handler={[Function]}
          key="546"
          name="generic-detail-application-config-tables"
          path="tables/:tableId"
        />
        <Route
          handler={[Function]}
          key="548"
          name="application-versions"
          path="versions"
        >
          <DefaultRoute
            handler={[Function]}
            key="547"
          />
        </Route>
        <Route
          handler={[Function]}
          key="549"
          name="generic-application-oauth-redirect"
          path="oauth-redirect"
        />
      </Route>
    </Route>
  </Route>
  <Route
    handler={[Function]}
    key="557"
    name="jobs"
    path="jobs"
  >
    <DefaultRoute
      handler={[Function]}
      key="553"
    />
    <Route
      handler={[Function]}
      key="556"
      name="jobDetail"
      path=":jobId"
    >
      <DefaultRoute
        handler={[Function]}
        key="554"
      />
      <Route
        handler={[Function]}
        key="555"
        name="jobDetail-tables"
        path="tables/:tableId"
      />
    </Route>
  </Route>
  <Route
    handler={[Function]}
    key="559"
    name="settings-project-power"
    path="settings-project-power"
  >
    <DefaultRoute
      handler={[Function]}
      key="558"
    />
  </Route>
  <Route
    handler={[Function]}
    key="574"
    name="transformations"
  >
    <DefaultRoute
      handler={[Function]}
      key="560"
    />
    <Route
      handler={[Function]}
      key="571"
      name="transformationBucket"
      path="bucket/:config"
    >
      <DefaultRoute
        handler={[Function]}
        key="561"
      />
      <Route
        handler={[Function]}
        key="563"
        name="transformation-versions"
        path="versions"
      >
        <DefaultRoute
          handler={[Function]}
          key="562"
        />
      </Route>
      <Route
        handler={[Function]}
        key="570"
        name="transformationDetail"
        path="transformation/:row"
      >
        <DefaultRoute
          handler={[Function]}
          key="564"
        />
        <Route
          handler={[Function]}
          key="566"
          name="transformation-row-versions"
          path="versions"
        >
          <DefaultRoute
            handler={[Function]}
            key="565"
          />
        </Route>
        <Route
          handler={[Function]}
          key="567"
          name="transformationDetail-tables"
          path="tables/:tableId"
        />
        <Route
          handler={[Function]}
          key="569"
          name="transformationDetailGraph"
          path="graph"
        >
          <DefaultRoute
            handler={[Function]}
            key="568"
          />
        </Route>
      </Route>
    </Route>
    <Route
      handler={[Function]}
      key="573"
      name="sandbox"
    >
      <DefaultRoute
        handler={[Function]}
        key="572"
      />
    </Route>
  </Route>
  <Route
    handler={[Function]}
    key="584"
    name="storage-explorer"
  >
    <DefaultRoute
      handler={[Function]}
      key="575"
    />
    <Route
      handler={[Function]}
      key="577"
      name="storage-explorer-files"
      path="files"
    >
      <DefaultRoute
        handler={[Function]}
        key="576"
      />
    </Route>
    <Route
      handler={[Function]}
      key="579"
      name="storage-explorer-jobs"
      path="jobs"
    >
      <DefaultRoute
        handler={[Function]}
        key="578"
      />
    </Route>
    <Route
      handler={[Function]}
      key="583"
      name="storage-explorer-bucket"
      path=":bucketId"
    >
      <DefaultRoute
        handler={[Function]}
        key="580"
      />
      <Route
        handler={[Function]}
        key="582"
        name="storage-explorer-table"
        path=":tableName"
      >
        <DefaultRoute
          handler={[Function]}
          key="581"
        />
      </Route>
    </Route>
  </Route>
  <Route
    handler={[Function]}
    key="586"
    name="tables"
    path="tables/:tableId"
  >
    <DefaultRoute
      handler={[Function]}
      key="585"
    />
  </Route>
  <Route
    handler={[Function]}
    key="588"
    name="settings-trash"
    path="settings-trash"
  >
    <DefaultRoute
      handler={[Function]}
      key="587"
    />
  </Route>
  <Route
    handler={[Function]}
    key="592"
    name="tokens"
  >
    <DefaultRoute
      handler={[Function]}
      key="589"
    />
    <Route
      handler={[Function]}
      key="590"
      name="tokens-new"
      path="new-token"
    />
    <Route
      handler={[Function]}
      key="591"
      name="tokens-detail"
      path=":tokenId"
    />
  </Route>
  <Route
    handler={[Function]}
    key="594"
    name="migrations"
    path="migrations"
  >
    <DefaultRoute
      handler={[Function]}
      key="593"
    />
  </Route>
  <Route
    handler={[Function]}
    key="596"
    name="data-takeout"
  >
    <DefaultRoute
      handler={[Function]}
      key="595"
    />
  </Route>
  <Route
    handler={[Function]}
    key="598"
    name="settings-limits"
  >
    <DefaultRoute
      handler={[Function]}
      key="597"
    />
  </Route>
  <Route
    handler={[Function]}
    key="600"
    name="limits"
  >
    <DefaultRoute
      handler={[Function]}
      key="599"
    />
  </Route>
</span>
`;
